
Pranav@LAPTOP-G15TL4CP MINGW64 ~/Desktop/myApp
$ touch <filename> 					-- to create a file

Pranav@LAPTOP-G15TL4CP MINGW64 ~/Desktop/myApp
$ git init
Initialized empty Git repository in C:/Users/Pranav/Desktop/myApp/.git/

Pranav@LAPTOP-G15TL4CP MINGW64 ~/Desktop/myApp (master)
$ git config --global user.name 'Pranav Lotlikar'

Pranav@LAPTOP-G15TL4CP MINGW64 ~/Desktop/myApp (master)
$ git config --global user.email 'pranavlotlikarplot888@gmail.com'

Pranav@LAPTOP-G15TL4CP MINGW64 ~/Desktop/myApp (master)
$ git add index.html					-- to add a file to the repository

Pranav@LAPTOP-G15TL4CP MINGW64 ~/Desktop/myApp (master)
$ git status						-- to check status of working stage
On branch master

No commits yet

Changes to be committed:
  (use "git rm --cached <file>..." to unstage)
        new file:   index.html

Untracked files:
  (use "git add <file>..." to include in what will be committed)
        app.js


Pranav@LAPTOP-G15TL4CP MINGW64 ~/Desktop/myApp (master)
$ git rm --cached index.html
rm 'index.html'						-- to remove a file

Pranav@LAPTOP-G15TL4CP MINGW64 ~/Desktop/myApp (master)
$ git status
On branch master

No commits yet

Untracked files:
  (use "git add <file>..." to include in what will be committed)
        app.js
        index.html

nothing added to commit but untracked files present (use "git add" to track)

Pranav@LAPTOP-G15TL4CP MINGW64 ~/Desktop/myApp (master)
$ git add *.html					-- to add all html file to repo

Pranav@LAPTOP-G15TL4CP MINGW64 ~/Desktop/myApp (master)
$ git add .

Pranav@LAPTOP-G15TL4CP MINGW64 ~/Desktop/myApp (master)
$ git status
On branch master

No commits yet

Changes to be committed:
  (use "git rm --cached <file>..." to unstage)
        new file:   app.js
        new file:   index.html


Pranav@LAPTOP-G15TL4CP MINGW64 ~/Desktop/myApp (master)
$ touch git_commands.txt				-- to add all files to repo

